// Jest Snapshot v1, https://goo.gl/fbAQLP

exports[`Slider component to match snapshot 1`] = `
<BorderControl>
  <Slider
    handleChange={[Function]}
    key="top"
    max={100}
    min={0}
    values={
      Array [
        50,
      ]
    }
    vertical={true}
  />
  <Slider
    handleChange={[Function]}
    key="left"
    max={100}
    min={0}
    values={
      Array [
        50,
      ]
    }
    vertical={false}
  />
  <Slider
    handleChange={[Function]}
    key="bottom"
    max={100}
    min={0}
    values={
      Array [
        50,
      ]
    }
    vertical={true}
  />
  <Slider
    handleChange={[Function]}
    key="right"
    max={100}
    min={0}
    values={
      Array [
        50,
      ]
    }
    vertical={false}
  />
</BorderControl>
`;

exports[`Slider component to match snapshot 2`] = `
<BorderControl>
  <Slider
    handleChange={[Function]}
    key="top"
    max={100}
    min={0}
    values={
      Array [
        50,
      ]
    }
    vertical={true}
  />
  <Slider
    handleChange={[Function]}
    key="left"
    max={100}
    min={0}
    values={
      Array [
        50,
      ]
    }
    vertical={false}
  />
  <Slider
    handleChange={[Function]}
    key="bottom"
    max={100}
    min={0}
    values={
      Array [
        50,
      ]
    }
    vertical={true}
  />
  <Slider
    handleChange={[Function]}
    key="right"
    max={100}
    min={0}
    values={
      Array [
        50,
      ]
    }
    vertical={false}
  />
</BorderControl>
`;
